###############################################################################
#                                                                             #
# IAR ELF Linker V6.21.1.52794/W32 for ARM              18/Jun/2012  10:26:34 #
# Copyright 2007-2011 IAR Systems AB.                                         #
#                                                                             #
#    Output file  =  C:\Program Files\IAR Systems\Embedded Workbench 6.0      #
#                    Kickstart_2\arm\examples\Atmel\at91sam3u-ek\_Holt        #
#                    HI-6130-40 EBI Demo 2_0\ewp\RT_IMT\Exe\at91sam3u4_flash. #
#                    out                                                      #
#    Map file     =  C:\Program Files\IAR Systems\Embedded Workbench 6.0      #
#                    Kickstart_2\arm\examples\Atmel\at91sam3u-ek\_Holt        #
#                    HI-6130-40 EBI Demo 2_0\ewp\RT_IMT\List\at91sam3u4_flash #
#                    .map                                                     #
#    Command line =  "C:\Program Files\IAR Systems\Embedded Workbench 6.0     #
#                    Kickstart_2\arm\examples\Atmel\at91sam3u-ek\_Holt        #
#                    HI-6130-40 EBI Demo 2_0\ewp\RT_IMT\Obj\613x_mt.o"        #
#                    "C:\Program Files\IAR Systems\Embedded Workbench 6.0     #
#                    Kickstart_2\arm\examples\Atmel\at91sam3u-ek\_Holt        #
#                    HI-6130-40 EBI Demo 2_0\ewp\RT_IMT\Obj\613x_rt.o"        #
#                    "C:\Program Files\IAR Systems\Embedded Workbench 6.0     #
#                    Kickstart_2\arm\examples\Atmel\at91sam3u-ek\_Holt        #
#                    HI-6130-40 EBI Demo 2_0\ewp\RT_IMT\Obj\board_6130.o"     #
#                    "C:\Program Files\IAR Systems\Embedded Workbench 6.0     #
#                    Kickstart_2\arm\examples\Atmel\at91sam3u-ek\_Holt        #
#                    HI-6130-40 EBI Demo 2_0\ewp\RT_IMT\Obj\board_613x.o"     #
#                    "C:\Program Files\IAR Systems\Embedded Workbench 6.0     #
#                    Kickstart_2\arm\examples\Atmel\at91sam3u-ek\_Holt        #
#                    HI-6130-40 EBI Demo 2_0\ewp\RT_IMT\Obj\board_cstartup_ia #
#                    r.o" "C:\Program Files\IAR Systems\Embedded Workbench    #
#                    6.0 Kickstart_2\arm\examples\Atmel\at91sam3u-ek\_Holt    #
#                    HI-6130-40 EBI Demo 2_0\ewp\RT_IMT\Obj\board_lowlevel.o" #
#                     "C:\Program Files\IAR Systems\Embedded Workbench 6.0    #
#                    Kickstart_2\arm\examples\Atmel\at91sam3u-ek\_Holt        #
#                    HI-6130-40 EBI Demo 2_0\ewp\RT_IMT\Obj\board_memories.o" #
#                     "C:\Program Files\IAR Systems\Embedded Workbench 6.0    #
#                    Kickstart_2\arm\examples\Atmel\at91sam3u-ek\_Holt        #
#                    HI-6130-40 EBI Demo 2_0\ewp\RT_IMT\Obj\console.o"        #
#                    "C:\Program Files\IAR Systems\Embedded Workbench 6.0     #
#                    Kickstart_2\arm\examples\Atmel\at91sam3u-ek\_Holt        #
#                    HI-6130-40 EBI Demo 2_0\ewp\RT_IMT\Obj\core_cm3.o"       #
#                    "C:\Program Files\IAR Systems\Embedded Workbench 6.0     #
#                    Kickstart_2\arm\examples\Atmel\at91sam3u-ek\_Holt        #
#                    HI-6130-40 EBI Demo 2_0\ewp\RT_IMT\Obj\exceptions.o"     #
#                    "C:\Program Files\IAR Systems\Embedded Workbench 6.0     #
#                    Kickstart_2\arm\examples\Atmel\at91sam3u-ek\_Holt        #
#                    HI-6130-40 EBI Demo 2_0\ewp\RT_IMT\Obj\main.o"           #
#                    "C:\Program Files\IAR Systems\Embedded Workbench 6.0     #
#                    Kickstart_2\arm\examples\Atmel\at91sam3u-ek\_Holt        #
#                    HI-6130-40 EBI Demo 2_0\ewp\RT_IMT\Obj\nvic.o"           #
#                    "C:\Program Files\IAR Systems\Embedded Workbench 6.0     #
#                    Kickstart_2\arm\examples\Atmel\at91sam3u-ek\_Holt        #
#                    HI-6130-40 EBI Demo 2_0\ewp\RT_IMT\Obj\pio.o"            #
#                    "C:\Program Files\IAR Systems\Embedded Workbench 6.0     #
#                    Kickstart_2\arm\examples\Atmel\at91sam3u-ek\_Holt        #
#                    HI-6130-40 EBI Demo 2_0\ewp\RT_IMT\Obj\pmc.o"            #
#                    "C:\Program Files\IAR Systems\Embedded Workbench 6.0     #
#                    Kickstart_2\arm\examples\Atmel\at91sam3u-ek\_Holt        #
#                    HI-6130-40 EBI Demo 2_0\ewp\RT_IMT\Obj\printf_usart.o"   #
#                    "C:\Program Files\IAR Systems\Embedded Workbench 6.0     #
#                    Kickstart_2\arm\examples\Atmel\at91sam3u-ek\_Holt        #
#                    HI-6130-40 EBI Demo 2_0\ewp\RT_IMT\Obj\spi.o"            #
#                    "C:\Program Files\IAR Systems\Embedded Workbench 6.0     #
#                    Kickstart_2\arm\examples\Atmel\at91sam3u-ek\_Holt        #
#                    HI-6130-40 EBI Demo 2_0\ewp\RT_IMT\Obj\tc.o"             #
#                    "C:\Program Files\IAR Systems\Embedded Workbench 6.0     #
#                    Kickstart_2\arm\examples\Atmel\at91sam3u-ek\_Holt        #
#                    HI-6130-40 EBI Demo 2_0\ewp\RT_IMT\Obj\usart.o"          #
#                    --redirect _Printf=_PrintfSmall --redirect               #
#                    _Scanf=_ScanfSmall -o "C:\Program Files\IAR              #
#                    Systems\Embedded Workbench 6.0                           #
#                    Kickstart_2\arm\examples\Atmel\at91sam3u-ek\_Holt        #
#                    HI-6130-40 EBI Demo 2_0\ewp\RT_IMT\Exe\at91sam3u4_flash. #
#                    out" --config_def "define symbol HOST_BUS_INTERFACE =    #
#                    1" --map "C:\Program Files\IAR Systems\Embedded          #
#                    Workbench 6.0 Kickstart_2\arm\examples\Atmel\at91sam3u-e #
#                    k\_Holt HI-6130-40 EBI Demo                              #
#                    2_0\ewp\RT_IMT\List\at91sam3u4_flash.map" --config       #
#                    "C:\Program Files\IAR Systems\Embedded Workbench 6.0     #
#                    Kickstart_2\arm\examples\Atmel\at91sam3u-ek\_Holt        #
#                    HI-6130-40 EBI Demo 2_0\ewp\..\..\..\at91lib\boards\at91 #
#                    sam3u-ek\at91sam3u4\flash" --diag_suppress Lp005,Lp006   #
#                    --semihosting --entry __iar_program_start --vfe          #
#                                                                             #
#                                                                             #
###############################################################################

*******************************************************************************
*** RUNTIME MODEL ATTRIBUTES
***

CppFlavor       = *
__Heap_Handler  = Basic
__SystemLibrary = DLib


*******************************************************************************
*** PLACEMENT SUMMARY
***

"A1":  place at 0x00080000 { ro section .vectors };
"P1":  place in [from 0x00080000 to 0x0009ffff] { ro };
"P2":  place in [from 0x20000000 to 0x20007fff] { rw, block HEAP };
"P3":  place in [from 0x20080000 to 0x20083fff] { block CSTACK };

  Section            Kind        Address    Size  Object
  -------            ----        -------    ----  ------
"A1":                                       0xbc
  .vectors                    0x00080000    0xbc  <Block>
    .vectors         const    0x00080000    0xbc  board_cstartup_iar.o [1]
                            - 0x000800bc    0xbc

"P1":                                     0x60d0
  .text              ro code  0x000800bc  0x1850  console.o [1]
  .text              ro code  0x0008190c    0x70  ABImemcpy.o [4]
  .text              ro code  0x0008197c   0x19e  pio.o [1]
  .text              ro code  0x00081b1a    0x2e  copy_init3.o [4]
  .text              ro code  0x00081b48    0x58  pmc.o [1]
  .text              ro code  0x00081ba0    0x90  usart.o [1]
  .text              ro code  0x00081c30    0x44  printf_usart.o [1]
  .text              ro code  0x00081c74    0x24  printf.o [3]
  .text              ro code  0x00081c98   0x720  xprintfsmall.o [3]
  .text              ro code  0x000823b8    0x20  xmbtowc.o [3]
  .text              ro code  0x000823d8    0x16  strchr.o [4]
  .text              ro code  0x000823ee    0x22  zero_init3.o [4]
  .text              ro code  0x00082410    0x36  strlen.o [4]
  .text              ro code  0x00082448    0x58  memchr.o [4]
  .text              ro code  0x000824a0     0xa  xmbcurmax.o [3]
  .text              ro code  0x000824ac    0xbc  xxmemxmalloc.o [3]
  .text              ro code  0x00082568    0x1a  xwctomb.o [3]
  .text              ro code  0x00082584    0x88  xxmemxfree.o [3]
  .text              ro code  0x0008260c    0x14  setlocale.o [3]
  .text              ro code  0x00082620    0x5c  xencoding_sb.o [3]
  .text              ro code  0x0008267c   0x110  xsyslock.o [3]
  .text              ro code  0x0008278c    0x28  xgetmemchunk.o [3]
  .text              ro code  0x000827b4     0x2  xtls.o [3]
  .text              ro code  0x000827b6     0x4  xmtx2.o [3]
  .text              ro code  0x000827ba     0x8  xmtx.o [3]
  .text              ro code  0x000827c4   0x6d8  613x_rt.o [1]
  .text              ro code  0x00082e9c   0x374  board_613x.o [1]
  .rodata            const    0x00083210   0x400  613x_rt.o [1]
  .rodata            const    0x00083610   0x400  613x_rt.o [1]
  .rodata            const    0x00083a10   0x3c0  board_613x.o [1]
  .rodata            const    0x00083dd0   0x200  613x_rt.o [1]
  .rodata            const    0x00083fd0   0x200  613x_rt.o [1]
  .text              ro code  0x000841d0   0x1a8  board_lowlevel.o [1]
  .text              ro code  0x00084378   0x194  main.o [1]
  .text              ro code  0x0008450c    0x70  board_6130.o [1]
  .text              ro code  0x0008457c    0xf0  613x_mt.o [1]
  .text              ro code  0x0008466c     0x6  ABImemclr4.o [4]
  .text              ro code  0x00084674    0x38  ABImemset48.o [4]
  .rodata            const    0x000846ac   0x120  board_6130.o [1]
  .rodata            const    0x000847cc    0x80  console.o [1]
  .rodata            const    0x0008484c    0x74  pmc.o [1]
  .text              ro code  0x000848c0    0x50  exceptions.o [1]
  .rodata            const    0x00084910    0x4c  board_613x.o [1]
  .rodata            const    0x0008495c    0x48  console.o [1]
  .rodata            const    0x000849a4    0x48  pmc.o [1]
  .rodata            const    0x000849ec    0x44  board_613x.o [1]
  .rodata            const    0x00084a30    0x44  console.o [1]
  .rodata            const    0x00084a74    0x44  console.o [1]
  .rodata            const    0x00084ab8    0x40  613x_rt.o [1]
  .rodata            const    0x00084af8    0x40  613x_rt.o [1]
  .rodata            const    0x00084b38    0x40  613x_rt.o [1]
  .rodata            const    0x00084b78    0x40  613x_rt.o [1]
  .rodata            const    0x00084bb8    0x40  console.o [1]
  .rodata            const    0x00084bf8    0x40  console.o [1]
  .rodata            const    0x00084c38    0x40  console.o [1]
  .rodata            const    0x00084c78    0x40  console.o [1]
  .rodata            const    0x00084cb8    0x40  console.o [1]
  .rodata            const    0x00084cf8    0x40  console.o [1]
  .rodata            const    0x00084d38    0x3c  console.o [1]
  .rodata            const    0x00084d74    0x38  board_613x.o [1]
  .rodata            const    0x00084dac    0x38  board_613x.o [1]
  .rodata            const    0x00084de4    0x38  board_613x.o [1]
  .rodata            const    0x00084e1c    0x38  board_613x.o [1]
  .rodata            const    0x00084e54    0x38  console.o [1]
  .rodata            const    0x00084e8c    0x38  console.o [1]
  .rodata            const    0x00084ec4    0x38  console.o [1]
  .rodata            const    0x00084efc    0x38  console.o [1]
  .rodata            const    0x00084f34    0x38  console.o [1]
  .rodata            const    0x00084f6c    0x38  console.o [1]
  .rodata            const    0x00084fa4    0x38  console.o [1]
  .rodata            const    0x00084fdc    0x38  main.o [1]
  .rodata            const    0x00085014    0x34  console.o [1]
  .rodata            const    0x00085048    0x30  console.o [1]
  .rodata            const    0x00085078    0x30  main.o [1]
  .rodata            const    0x000850a8    0x30  main.o [1]
  .rodata            const    0x000850d8    0x30  main.o [1]
  .rodata            const    0x00085108    0x30  main.o [1]
  .rodata            const    0x00085138    0x2c  console.o [1]
  .rodata            const    0x00085164    0x2c  console.o [1]
  .rodata            const    0x00085190    0x2c  console.o [1]
  .rodata            const    0x000851bc    0x2c  console.o [1]
  .text              ro code  0x000851e8    0x2c  data_init3.o [4]
  .rodata            const    0x00085214    0x28  console.o [1]
  .rodata            const    0x0008523c    0x28  console.o [1]
  .rodata            const    0x00085264    0x28  console.o [1]
  .rodata            const    0x0008528c    0x24  console.o [1]
  .rodata            const    0x000852b0    0x24  console.o [1]
  .rodata            const    0x000852d4    0x24  console.o [1]
  .rodata            const    0x000852f8    0x24  console.o [1]
  .rodata            const    0x0008531c    0x24  console.o [1]
  .rodata            const    0x00085340    0x24  console.o [1]
  .rodata            const    0x00085364    0x24  main.o [1]
  .iar.init_table    const    0x00085388    0x24  - Linker created -
  .rodata            const    0x000853ac    0x20  613x_rt.o [1]
  .rodata            const    0x000853cc    0x20  613x_rt.o [1]
  .rodata            const    0x000853ec    0x20  613x_rt.o [1]
  .rodata            const    0x0008540c    0x20  613x_rt.o [1]
  .rodata            const    0x0008542c    0x20  613x_rt.o [1]
  .rodata            const    0x0008544c    0x20  board_613x.o [1]
  .rodata            const    0x0008546c    0x20  board_613x.o [1]
  .rodata            const    0x0008548c    0x20  board_613x.o [1]
  .rodata            const    0x000854ac    0x20  board_613x.o [1]
  .rodata            const    0x000854cc    0x20  board_613x.o [1]
  .rodata            const    0x000854ec    0x20  board_613x.o [1]
  .rodata            const    0x0008550c    0x20  board_613x.o [1]
  .rodata            const    0x0008552c    0x20  board_613x.o [1]
  .rodata            const    0x0008554c    0x20  board_613x.o [1]
  .rodata            const    0x0008556c    0x20  board_613x.o [1]
  .rodata            const    0x0008558c    0x20  console.o [1]
  .rodata            const    0x000855ac    0x20  console.o [1]
  .rodata            const    0x000855cc    0x20  console.o [1]
  .rodata            const    0x000855ec    0x20  console.o [1]
  .rodata            const    0x0008560c    0x20  console.o [1]
  .rodata            const    0x0008562c    0x20  console.o [1]
  .rodata            const    0x0008564c    0x20  console.o [1]
  .rodata            const    0x0008566c    0x20  main.o [1]
  .rodata            const    0x0008568c    0x20  main.o [1]
  .rodata            const    0x000856ac    0x20  main.o [1]
  .rodata            const    0x000856cc    0x20  main.o [1]
  .rodata            const    0x000856ec    0x20  pmc.o [1]
  .rodata            const    0x0008570c    0x20  usart.o [1]
  .rodata            const    0x0008572c    0x1c  console.o [1]
  .rodata            const    0x00085748    0x1c  console.o [1]
  .rodata            const    0x00085764    0x1c  console.o [1]
  .rodata            const    0x00085780    0x1c  console.o [1]
  .rodata            const    0x0008579c    0x1c  console.o [1]
  .rodata            const    0x000857b8    0x1c  console.o [1]
  .rodata            const    0x000857d4    0x1c  console.o [1]
  .rodata            const    0x000857f0    0x1c  console.o [1]
  .rodata            const    0x0008580c    0x1c  console.o [1]
  .rodata            const    0x00085828    0x1c  console.o [1]
  .rodata            const    0x00085844    0x1c  console.o [1]
  .rodata            const    0x00085860    0x1c  console.o [1]
  .rodata            const    0x0008587c    0x18  console.o [1]
  .rodata            const    0x00085894    0x18  console.o [1]
  .rodata            const    0x000858ac    0x18  console.o [1]
  .rodata            const    0x000858c4    0x18  console.o [1]
  .rodata            const    0x000858dc    0x18  console.o [1]
  .rodata            const    0x000858f4    0x18  console.o [1]
  .rodata            const    0x0008590c    0x18  console.o [1]
  .rodata            const    0x00085924    0x18  console.o [1]
  .rodata            const    0x0008593c    0x18  console.o [1]
  .rodata            const    0x00085954    0x18  console.o [1]
  .rodata            const    0x0008596c    0x18  console.o [1]
  .rodata            const    0x00085984    0x18  console.o [1]
  .rodata            const    0x0008599c    0x18  console.o [1]
  .rodata            const    0x000859b4    0x18  console.o [1]
  .rodata            const    0x000859cc    0x18  console.o [1]
  .rodata            const    0x000859e4    0x18  console.o [1]
  .rodata            const    0x000859fc    0x18  console.o [1]
  .rodata            const    0x00085a14    0x18  console.o [1]
  .rodata            const    0x00085a2c    0x18  console.o [1]
  .rodata            const    0x00085a44    0x18  console.o [1]
  .rodata            const    0x00085a5c    0x18  console.o [1]
  .rodata            const    0x00085a74    0x18  console.o [1]
  .rodata            const    0x00085a8c    0x18  console.o [1]
  .rodata            const    0x00085aa4    0x18  console.o [1]
  .rodata            const    0x00085abc    0x18  console.o [1]
  .rodata            const    0x00085ad4    0x18  console.o [1]
  .rodata            const    0x00085aec    0x18  console.o [1]
  .rodata            const    0x00085b04    0x18  console.o [1]
  .rodata            const    0x00085b1c    0x18  console.o [1]
  .rodata            const    0x00085b34    0x18  console.o [1]
  .rodata            const    0x00085b4c    0x18  console.o [1]
  .rodata            const    0x00085b64    0x18  console.o [1]
  .rodata            const    0x00085b7c    0x18  console.o [1]
  .rodata            const    0x00085b94    0x18  console.o [1]
  .rodata            const    0x00085bac    0x18  console.o [1]
  .rodata            const    0x00085bc4    0x18  console.o [1]
  .rodata            const    0x00085bdc    0x18  console.o [1]
  .rodata            const    0x00085bf4    0x18  console.o [1]
  .rodata            const    0x00085c0c    0x18  console.o [1]
  .rodata            const    0x00085c24    0x18  console.o [1]
  .rodata            const    0x00085c3c    0x18  console.o [1]
  .rodata            const    0x00085c54    0x18  console.o [1]
  .rodata            const    0x00085c6c    0x18  console.o [1]
  .rodata            const    0x00085c84    0x18  console.o [1]
  .rodata            const    0x00085c9c    0x18  console.o [1]
  .rodata            const    0x00085cb4    0x18  console.o [1]
  .rodata            const    0x00085ccc    0x18  console.o [1]
  .rodata            const    0x00085ce4    0x18  console.o [1]
  .rodata            const    0x00085cfc    0x18  console.o [1]
  .rodata            const    0x00085d14    0x18  console.o [1]
  .rodata            const    0x00085d2c    0x18  console.o [1]
  .rodata            const    0x00085d44    0x18  console.o [1]
  .rodata            const    0x00085d5c    0x18  console.o [1]
  .rodata            const    0x00085d74    0x18  console.o [1]
  .text              ro code  0x00085d8c    0x18  board_cstartup_iar.o [1]
  .text              ro code  0x00085da4    0x16  cmain.o [4]
  .text              ro code  0x00085dba     0x8  exit.o [3]
  .text              ro code  0x00085dc4     0xe  cexit.o [4]
  .text              ro code  0x00085dd4    0x14  exit.o [5]
  .text              ro code  0x00085de8    0x16  xprout.o [3]
  .rodata            const    0x00085e00    0x14  console.o [1]
  .rodata            const    0x00085e14    0x14  console.o [1]
  .rodata            const    0x00085e28    0x14  console.o [1]
  .rodata            const    0x00085e3c    0x14  console.o [1]
  .rodata            const    0x00085e50    0x14  console.o [1]
  .rodata            const    0x00085e64    0x14  console.o [1]
  .rodata            const    0x00085e78    0x14  console.o [1]
  .rodata            const    0x00085e8c    0x10  613x_mt.o [1]
  .rodata            const    0x00085e9c    0x10  console.o [1]
  .rodata            const    0x00085eac    0x10  console.o [1]
  .rodata            const    0x00085ebc    0x10  console.o [1]
  .rodata            const    0x00085ecc    0x10  console.o [1]
  .rodata            const    0x00085edc    0x10  console.o [1]
  .rodata            const    0x00085eec    0x10  console.o [1]
  .rodata            const    0x00085efc    0x10  console.o [1]
  .rodata            const    0x00085f0c    0x10  console.o [1]
  .rodata            const    0x00085f1c    0x10  console.o [1]
  .rodata            const    0x00085f2c    0x10  console.o [1]
  .rodata            const    0x00085f3c    0x10  console.o [1]
  .rodata            const    0x00085f4c    0x10  console.o [1]
  .rodata            const    0x00085f5c    0x10  console.o [1]
  .rodata            const    0x00085f6c    0x10  console.o [1]
  .rodata            const    0x00085f7c    0x10  console.o [1]
  .rodata            const    0x00085f8c    0x10  console.o [1]
  .rodata            const    0x00085f9c    0x10  pmc.o [1]
  .rodata            const    0x00085fac     0xc  console.o [1]
  .rodata            const    0x00085fb8     0xc  console.o [1]
  .rodata            const    0x00085fc4     0xc  console.o [1]
  .rodata            const    0x00085fd0     0xc  console.o [1]
  .rodata            const    0x00085fdc     0xc  console.o [1]
  .rodata            const    0x00085fe8     0xc  console.o [1]
  .rodata            const    0x00085ff4     0xc  console.o [1]
  .rodata            const    0x00086000     0xc  console.o [1]
  .rodata            const    0x0008600c     0xc  console.o [1]
  .rodata            const    0x00086018     0xc  console.o [1]
  .rodata            const    0x00086024     0xc  console.o [1]
  .rodata            const    0x00086030     0xc  console.o [1]
  .rodata            const    0x0008603c     0xc  console.o [1]
  .rodata            const    0x00086048     0xc  console.o [1]
  .rodata            const    0x00086054     0xc  main.o [1]
  .rodata            const    0x00086060     0xc  main.o [1]
  .text              ro code  0x0008606c     0xc  cstartup_M.o [4]
  .rodata            const    0x00086078     0x8  console.o [1]
  .rodata            const    0x00086080     0x8  console.o [1]
  .rodata            const    0x00086088     0x8  console.o [1]
  .rodata            const    0x00086090     0x8  console.o [1]
  .rodata            const    0x00086098     0x8  console.o [1]
  .rodata            const    0x000860a0     0x8  console.o [1]
  .rodata            const    0x000860a8     0x8  console.o [1]
  .rodata            const    0x000860b0     0x8  console.o [1]
  .rodata            const    0x000860b8     0x8  console.o [1]
  .rodata            const    0x000860c0     0x8  console.o [1]
  .rodata            const    0x000860c8     0x8  console.o [1]
  .rodata            const    0x000860d0     0x8  console.o [1]
  .rodata            const    0x000860d8     0x8  console.o [1]
  .rodata            const    0x000860e0     0x8  console.o [1]
  .rodata            const    0x000860e8     0x8  console.o [1]
  .rodata            const    0x000860f0     0x8  console.o [1]
  .rodata            const    0x000860f8     0x8  console.o [1]
  .rodata            const    0x00086100     0x8  console.o [1]
  .rodata            const    0x00086108     0x4  main.o [1]
  .text              ro code  0x0008610c     0x0  cstart_clearlocks.o [4]
  .rodata            const    0x0008610c     0x0  bwt_init3c.o [4]
  Initializer bytes  ro data  0x0008610c    0x80  <for P2 s0>
                            - 0x0008618c  0x60d0

"P2", part 1 of 3:                          0x80
  P2 s0                       0x20000000    0x80  <Init block>
    .data            inited   0x20000000    0x40  xfiles.o [3]
    .data            inited   0x20000040    0x40  xfiles.o [3]
                            - 0x20000080    0x80

"P2", part 2 of 3:                         0x160
  __DLIB_PERTHREAD   zero     0x20000080    0x74  setlocale.o [3]
  .bss               zero     0x200000f4    0x50  xfiles.o [3]
  .bss               zero     0x20000144    0x50  xfiles.o [3]
  .bss               zero     0x20000194    0x38  xsyslock.o [3]
  .bss               zero     0x200001cc     0x8  xxmemxmalloc.o [3]
  .bss               zero     0x200001d4     0x4  xgetmemchunk.o [3]
  .bss               zero     0x200001d8     0x2  console.o [1]
  .bss               zero     0x200001da     0x1  console.o [1]
                            - 0x200001db   0x15b

"P2", part 3 of 3:                         0x200
  HEAP                        0x200001e0   0x200  <Block>
    HEAP             uninit   0x200001e0   0x200  <Block tail>
                            - 0x200003e0   0x200

"P3":                                     0x2000
  CSTACK                      0x20080000  0x2000  <Block>
    CSTACK           uninit   0x20080000  0x2000  <Block tail>
                            - 0x20082000  0x2000


*******************************************************************************
*** INIT TABLE
***

          Address     Size
          -------     ----
Zero (__iar_zero_init3)
    1 destination range, total size 0x15b:
          0x20000080  0x15b

Copy (__iar_copy_init3)
    1 source range, total size 0x80:
          0x0008610c   0x80
    1 destination range, total size 0x80:
          0x20000000   0x80


*******************************************************************************
*** MODULE SUMMARY
***

    Module                ro code  ro data  rw data
    ------                -------  -------  -------
C:\Program Files\IAR Systems\Embedded Workbench 6.0 Kickstart_2\arm\examples\Atmel\at91sam3u-ek\_Holt HI-6130-40 EBI Demo 2_0\ewp\RT_IMT\Obj: [1]
    613x_mt.o                 240       16
    613x_rt.o               1 752    3 488
    board_6130.o              112      288
    board_613x.o              884    1 648
    board_cstartup_iar.o       24      188
    board_lowlevel.o          424
    console.o               6 224    4 348        3
    exceptions.o               80
    main.o                    404      440
    pio.o                     414
    pmc.o                      88      236
    printf_usart.o             68
    usart.o                   144       32
    -----------------------------------------------
    Total:                 10 858   10 684        3

command line: [2]
    -----------------------------------------------
    Total:

dl7M_tlf.a: [3]
    exit.o                      8
    printf.o                   36
    setlocale.o                20               116
    xencoding_sb.o             92
    xfiles.o                           128      288
    xgetmemchunk.o             40                 4
    xmbcurmax.o                10
    xmbtowc.o                  32
    xmtx.o                      8
    xmtx2.o                     4
    xprintfsmall.o          1 824
    xprout.o                   22
    xsyslock.o                272                56
    xtls.o                      2
    xwctomb.o                  26
    xxmemxfree.o              136
    xxmemxmalloc.o            188                 8
    -----------------------------------------------
    Total:                  2 720      128      472

rt7M_tl.a: [4]
    ABImemclr4.o                6
    ABImemcpy.o               112
    ABImemset48.o              56
    bwt_init3c.o
    cexit.o                    14
    cmain.o                    22
    copy_init3.o               46
    cstart_clearlocks.o
    cstartup_M.o               12
    data_init3.o               44
    memchr.o                   88
    strchr.o                   22
    strlen.o                   54
    zero_init3.o               34
    -----------------------------------------------
    Total:                    510

shb_l.a: [5]
    exit.o                     20
    -----------------------------------------------
    Total:                     20

    Gaps                       14        2
    Linker created                      36    8 704
---------------------------------------------------
    Grand Total:           14 122   10 850    9 179


*******************************************************************************
*** ENTRY LIST
***

Entry                      Address   Size  Type      Object
-----                      -------   ----  ----      ------
.vectors$$Base          0x00080000          --   Gb  - Linker created -
.vectors$$Limit         0x000800bc          --   Gb  - Linker created -
?main                   0x00085da5         Code  Gb  cmain.o [4]
ADCC0_IrqHandler        0x00084909    0x2  Code  Wk  exceptions.o [1]
ADCC1_IrqHandler        0x0008490b    0x2  Code  Wk  exceptions.o [1]
BusFault_Handler        0x000848c9    0x2  Code  Wk  exceptions.o [1]
CSTACK$$Base            0x20080000          --   Gb  - Linker created -
CSTACK$$Limit           0x20082000          --   Gb  - Linker created -
ConfigureGpio           0x00082e9d   0x22  Code  Gb  board_613x.o [1]
ConfigureUsart1         0x000800bd   0x4c  Code  Gb  console.o [1]
Configure_ARM_MCU_ExtBus
                        0x0008450d   0x70  Code  Gb  board_6130.o [1]
DBGU_IrqHandler         0x000848e5    0x2  Code  Wk  exceptions.o [1]
DebugMon_Handler        0x000848cf    0x2  Code  Wk  exceptions.o [1]
Delay_ms                0x00082f9f   0x34  Code  Gb  board_613x.o [1]
Delay_x100ms            0x00082fd3   0x16  Code  Gb  board_613x.o [1]
EFC0_IrqHandler         0x000848e1    0x2  Code  Wk  exceptions.o [1]
EFC1_IrqHandler         0x000848e3    0x2  Code  Wk  exceptions.o [1]
Flash_Green_LED         0x00083003   0x1a  Code  Gb  board_613x.o [1]
Flash_Red_LED           0x00082fe9   0x1a  Code  Gb  board_613x.o [1]
HDMA_IrqHandler         0x0008490d    0x2  Code  Wk  exceptions.o [1]
HEAP$$Base              0x200001e0          --   Gb  - Linker created -
HEAP$$Limit             0x200003e0          --   Gb  - Linker created -
HSMC4_IrqHandler        0x000848e7    0x2  Code  Wk  exceptions.o [1]
HardFault_Handler       0x000848c5    0x2  Code  Wk  exceptions.o [1]
IrqHandlerNotUsed       0x000848c1    0x2  Code  Gb  exceptions.o [1]
LowLevelInit            0x000841d1  0x12c  Code  Gb  board_lowlevel.o [1]
MCI0_IrqHandler         0x000848f7    0x2  Code  Wk  exceptions.o [1]
MemManage_Handler       0x000848c7    0x2  Code  Wk  exceptions.o [1]
NMI_Handler             0x000848c3    0x2  Code  Wk  exceptions.o [1]
PIOA_IrqHandler         0x000848e9    0x2  Code  Wk  exceptions.o [1]
PIOB_IrqHandler         0x000848eb    0x2  Code  Wk  exceptions.o [1]
PIOC_IrqHandler         0x000848ed    0x2  Code  Wk  exceptions.o [1]
PIO_Clear               0x00081ae9    0x8  Code  Gb  pio.o [1]
PIO_Configure           0x00081a27   0xb4  Code  Gb  pio.o [1]
PIO_Get                 0x00081af1   0x2a  Code  Gb  pio.o [1]
PIO_Set                 0x00081ae1    0x8  Code  Gb  pio.o [1]
PIO_SetFilter           0x000819c1   0x14  Code  Lc  pio.o [1]
PIO_SetInput            0x000819d5   0x20  Code  Lc  pio.o [1]
PIO_SetOutput           0x000819f5   0x32  Code  Lc  pio.o [1]
PIO_SetPeripheralA      0x0008197d   0x24  Code  Lc  pio.o [1]
PIO_SetPeripheralB      0x000819a1   0x20  Code  Lc  pio.o [1]
PMC_EnablePeripheral    0x00081b49   0x40  Code  Gb  pmc.o [1]
PMC_IrqHandler          0x000848df    0x2  Code  Wk  exceptions.o [1]
PWM_IrqHandler          0x00084907    0x2  Code  Wk  exceptions.o [1]
PendSV_Handler          0x000848d1    0x2  Code  Wk  exceptions.o [1]
RSTC_IrqHandler         0x000848d7    0x2  Code  Wk  exceptions.o [1]
RTAddr_okay             0x00082d1d   0x3a  Code  Gb  613x_rt.o [1]
RTC_IrqHandler          0x000848d9    0x2  Code  Wk  exceptions.o [1]
RTT_IrqHandler          0x000848db    0x2  Code  Wk  exceptions.o [1]
RTstatusUpdate          0x00082d8d   0x94  Code  Gb  613x_rt.o [1]
Region$$Table$$Base     0x00085388          --   Gb  - Linker created -
Region$$Table$$Limit    0x000853ac          --   Gb  - Linker created -
SB                      0x0008610c         Data  Gb  bwt_init3c.o [4]
SPI0_IrqHandler         0x000848fd    0x2  Code  Wk  exceptions.o [1]
SSC0_IrqHandler         0x000848ff    0x2  Code  Wk  exceptions.o [1]
SUPC_IrqHandler         0x000848d5    0x2  Code  Wk  exceptions.o [1]
SVC_Handler             0x000848cd    0x2  Code  Wk  exceptions.o [1]
SetDefaultMaster        0x000842fd   0x3c  Code  Gb  board_lowlevel.o [1]
SysTick_Handler         0x000848d3    0x2  Code  Wk  exceptions.o [1]
TC0_IrqHandler          0x00084901    0x2  Code  Wk  exceptions.o [1]
TC1_IrqHandler          0x00084903    0x2  Code  Wk  exceptions.o [1]
TC2_IrqHandler          0x00084905    0x2  Code  Wk  exceptions.o [1]
TWI0_IrqHandler         0x000848f9    0x2  Code  Wk  exceptions.o [1]
TWI1_IrqHandler         0x000848fb    0x2  Code  Wk  exceptions.o [1]
UDPD_IrqHandler         0x0008490f    0x2  Code  Wk  exceptions.o [1]
USART0_IrqHandler       0x000848ef    0x2  Code  Wk  exceptions.o [1]
USART1_IrqHandler       0x000848f1    0x2  Code  Wk  exceptions.o [1]
USART2_IrqHandler       0x000848f3    0x2  Code  Wk  exceptions.o [1]
USART3_IrqHandler       0x000848f5    0x2  Code  Wk  exceptions.o [1]
USART_Configure         0x00081ba1   0x1a  Code  Gb  usart.o [1]
USART_GetChar           0x00081c25    0xc  Code  Gb  usart.o [1]
USART_IsRxReady         0x00081c1d    0x8  Code  Gb  usart.o [1]
USART_SetReceiverEnabled
                        0x00081bcd   0x12  Code  Gb  usart.o [1]
USART_SetTransmitterEnabled
                        0x00081bbb   0x12  Code  Gb  usart.o [1]
USART_Write             0x00081bdf   0x36  Code  Gb  usart.o [1]
UsageFault_Handler      0x000848cb    0x2  Code  Wk  exceptions.o [1]
WDT_IrqHandler          0x000848dd    0x2  Code  Wk  exceptions.o [1]
_EncodingSb_Mbtowc      0x0008263d   0x30  Code  Gb  xencoding_sb.o [3]
_EncodingSb_Wctomb      0x00082621   0x1c  Code  Gb  xencoding_sb.o [3]
_IsdstStr               0x20000084    0x4  Data  Gb  setlocale.o [3]
_LitobSmall             0x000822a3   0xcc  Code  Lc  xprintfsmall.o [3]
_LocaleEncoding         0x0008260d    0xe  Code  Gb  setlocale.o [3]
_LocaleReturnString     0x200000a4   0x50  Data  Lc  setlocale.o [3]
_Locale_Profile         0x20000088   0x1c  Data  Gb  setlocale.o [3]
_Mbtowc                 0x000823b9   0x20  Code  Gb  xmbtowc.o [3]
_PrintfSmall            0x00081c99  0x412  Code  Gb  xprintfsmall.o [3]
_Prout                  0x00085de9   0x16  Code  Gb  xprout.o [3]
_PutcharsSmall          0x0008236f   0x32  Code  Lc  xprintfsmall.o [3]
_PutstrSmall            0x000820ab  0x1f8  Code  Lc  xprintfsmall.o [3]
_TzoneStr               0x20000080    0x4  Data  Gb  setlocale.o [3]
_Wctomb                 0x00082569   0x1a  Code  Gb  xwctomb.o [3]
__ICFEDIT_vector_start__ {Abs}
                        0x00080000          --   Gb  command line/config [2]
__aeabi_memclr4         0x0008466d         Code  Gb  ABImemclr4.o [4]
__aeabi_memcpy          0x0008190d         Code  Gb  ABImemcpy.o [4]
__aeabi_memcpy4         0x00081927         Code  Gb  ABImemcpy.o [4]
__aeabi_memcpy8         0x00081927         Code  Gb  ABImemcpy.o [4]
__aeabi_memset4         0x00084675         Code  Gb  ABImemset48.o [4]
__aeabi_memset8         0x00084675         Code  Gb  ABImemset48.o [4]
__cexit_clearlocks      0x00085dc7         Code  Gb  cexit.o [4]
__cmain                 0x00085da5         Code  Gb  cmain.o [4]
__cstart_clearlocks     0x0008610d         Code  Gb  cstart_clearlocks.o [4]
__data_Aldata           0x200001cc    0x8  Data  Gb  xxmemxmalloc.o [3]
__data_GetMemChunk      0x0008278d   0x28  Code  Gb  xgetmemchunk.o [3]
__exit                  0x00085dd5   0x14  Code  Gb  exit.o [5]
__iar_Locksyslock       0x000826ed   0x84  Code  Gb  xsyslock.o [3]
__iar_Mbcurmax          0x000824a1    0xa  Code  Gb  xmbcurmax.o [3]
__iar_Memchr            0x00082449         Code  Gb  memchr.o [4]
__iar_Memset4_word      0x0008467d         Code  Gb  ABImemset48.o [4]
__iar_Memset8_word      0x0008467d         Code  Gb  ABImemset48.o [4]
__iar_Stderr            0x20000040   0x40  Data  Gb  xfiles.o [3]
__iar_Stdout            0x20000000   0x40  Data  Gb  xfiles.o [3]
__iar_Strchr            0x000823d9         Code  Gb  strchr.o [4]
__iar_Unlocksyslock     0x00082771   0x16  Code  Gb  xsyslock.o [3]
__iar_clearlocks        0x0008267d   0x70  Code  Gb  xsyslock.o [3]
__iar_copy_init3        0x00081b1b   0x2e  Code  Gb  copy_init3.o [4]
__iar_data_init3        0x000851e9   0x2c  Code  Gb  data_init3.o [4]
__iar_default_requirements$$_Printf<unknown>printf {Abs}
                        0x00000000          --   Gb  printf.o [3]
__iar_dlib_perthread_access
                        0x000827b5    0x2  Code  Gb  xtls.o [3]
__iar_file_Mtxdst       0x000827b9    0x2  Code  Gb  xmtx2.o [3]
__iar_file_Mtxinit      0x000827b7    0x2  Code  Gb  xmtx2.o [3]
__iar_program_start     0x0008606d         Code  Gb  cstartup_M.o [4]
__iar_provide$$_Printf<flags,int_specials,multibytes,qualifiers,widths>_PrintfSmall {Abs}
                        0x00000000          --   Gb  xprintfsmall.o [3]
__iar_system_Mtxdst     0x000827bd    0x2  Code  Gb  xmtx.o [3]
__iar_system_Mtxinit    0x000827bb    0x2  Code  Gb  xmtx.o [3]
__iar_system_Mtxlock    0x000827bf    0x2  Code  Gb  xmtx.o [3]
__iar_system_Mtxunlock  0x000827c1    0x2  Code  Gb  xmtx.o [3]
__iar_zero_init3        0x000823ef   0x22  Code  Gb  zero_init3.o [4]
__low_level_init        0x00085d8d   0x18  Code  Gb  board_cstartup_iar.o [1]
__vector_table          0x00080000   0xbc  Data  Gb  board_cstartup_iar.o [1]
_call_main              0x00085db1         Code  Gb  cmain.o [4]
_exit                   0x00085dc5         Code  Gb  cexit.o [4]
_main                   0x00085db7         Code  Gb  cmain.o [4]
autoinit_check          0x00082ef7   0x64  Code  Gb  board_613x.o [1]
chk_key_input           0x000816e1   0xb4  Code  Gb  console.o [1]
ebuf                    0x200000f4   0x50  Data  Lc  xfiles.o [3]
enable_check            0x00083071   0xb8  Code  Gb  board_613x.o [1]
error_trap              0x0008301d   0x54  Code  Gb  board_613x.o [1]
exit                    0x00085dbb    0x8  Code  Gb  exit.o [3]
file_mtx                0x20000198   0x20  Data  Lc  xsyslock.o [3]
fputc                   0x00081c31   0x28  Code  Gb  printf_usart.o [1]
free                    0x00082585   0x82  Code  Gb  xxmemxfree.o [3]
init_timer              0x00082f73   0x2c  Code  Gb  board_613x.o [1]
initialize_613x_MT      0x0008457d   0xe6  Code  Gb  613x_mt.o [1]
initialize_613x_RT1     0x000827c5  0x19e  Code  Gb  613x_rt.o [1]
initialize_613x_RT2     0x00082a7b  0x19a  Code  Gb  613x_rt.o [1]
initialize_613x_shared  0x00082f5b   0x18  Code  Gb  board_613x.o [1]
list_hw_ints_console    0x00081091  0x31e  Code  Gb  console.o [1]
list_mt_config          0x000801a5  0x256  Code  Gb  console.o [1]
list_mt_ints_console    0x00080bdd  0x436  Code  Gb  console.o [1]
list_rt_ints_console    0x000813fd  0x2d8  Code  Gb  console.o [1]
main                    0x00084379  0x194  Code  Gb  main.o [1]
malloc                  0x000824ad   0xb8  Code  Gb  xxmemxmalloc.o [3]
memchr                  0x00082449         Code  Gb  memchr.o [4]
modify_RT_status_bits   0x00082d57   0x36  Code  Gb  613x_rt.o [1]
mt_last_msg_console     0x0008041d  0x6c6  Code  Gb  console.o [1]
mtx                     0x200001b8   0x14  Data  Lc  xsyslock.o [3]
obuf                    0x20000144   0x50  Data  Lc  xfiles.o [3]
pH6130                  0x00086108    0x4  Data  Gb  main.o [1]
print_b0sp              0x000817c9    0xa  Code  Gb  console.o [1]
print_b1sp              0x000817bf    0xa  Code  Gb  console.o [1]
print_dd0n              0x000817e1    0xa  Code  Gb  console.o [1]
print_dd1n              0x000817eb    0xa  Code  Gb  console.o [1]
print_dddn              0x000817d3    0xa  Code  Gb  console.o [1]
print_line              0x00081805    0xa  Code  Gb  console.o [1]
print_menuprompt        0x000817f5    0xa  Code  Gb  console.o [1]
print_null              0x000817a5    0xa  Code  Gb  console.o [1]
print_sp1sp             0x000817b5    0xa  Code  Gb  console.o [1]
printf                  0x00081c75   0x24  Code  Gb  printf.o [3]
putchar                 0x00081c59    0xe  Code  Gb  printf_usart.o [1]
reset_613x              0x00082ebf   0x38  Code  Gb  board_613x.o [1]
show_menu               0x00080109   0x96  Code  Gb  console.o [1]
strchr                  0x000823d9         Code  Gb  strchr.o [4]
strlen                  0x00082411         Code  Gb  strlen.o [4]
syslock_o               0x20000194    0x4  Data  Lc  xsyslock.o [3]
waddr                   0x200001d8    0x2  Data  Lc  console.o [1]
watch                   0x200001da    0x1  Data  Lc  console.o [1]
write_dummy_tx_data_RT1
                        0x00082963  0x118  Code  Gb  613x_rt.o [1]
write_dummy_tx_data_RT2
                        0x00082c15  0x108  Code  Gb  613x_rt.o [1]
write_init_eeprom       0x00083129   0x7c  Code  Gb  board_613x.o [1]


[1] = C:\Program Files\IAR Systems\Embedded Workbench 6.0 Kickstart_2\arm\examples\Atmel\at91sam3u-ek\_Holt HI-6130-40 EBI Demo 2_0\ewp\RT_IMT\Obj
[2] = command line
[3] = dl7M_tlf.a
[4] = rt7M_tl.a
[5] = shb_l.a

  14 122 bytes of readonly  code memory
  10 850 bytes of readonly  data memory
   9 179 bytes of readwrite data memory

Errors: none
Warnings: none
